[www.makeproductions.com/index.html]
[backblue.gif]
[fade.gif]
[index.html]
[www.makeproductions.com/wp-content/uploads/2015/09/MAKE-Productions-Primary.jpg]
[www.makeproductions.com/wp-content/uploads/2015/09/1.png]
[www.makeproductions.com/wp-content/uploads/2015/09/2.png]
[www.makeproductions.com/feed/index.html]
[www.makeproductions.com/comments/feed/index.html]
[www.makeproductions.com/wp-content/uploads/2015/09/3.png]
[www.makeproductions.com/sample-page-2/feed/index.html]
[www.makeproductions.com/wp-content/uploads/2015/09/4.png]
[www.makeproductions.com/wp-content/uploads/2015/09/5.png]
[www.makeproductions.com/wp-content/uploads/2015/09/6.png]
[www.makeproductions.com/wp-content/uploads/2015/09/7.png]
[www.makeproductions.com/wp-content/uploads/2015/09/8.png]
[www.makeproductions.com/wp-content/uploads/2015/09/10.png]
[www.makeproductions.com/wp-content/uploads/2015/09/9.png]
[www.makeproductions.com/wp-content/uploads/2015/09/11.png]
[www.makeproductions.com/wp-content/uploads/2015/09/12.png]
[www.makeproductions.com/wp-content/uploads/2015/09/13.png]
[www.makeproductions.com/wp-content/plugins/wysija-newsletters/css/validationEngine.jquery.css]
[www.makeproductions.com/wp-content/plugins/contact-form-7/includes/css/styles.css]
[www.makeproductions.com/wp-content/plugins/revslider/public/assets/css/settings.css]
[www.makeproductions.com/wp-content/plugins/showcase-visual-composer-addon/assets/css/owl.carousel.min.css]
[www.makeproductions.com/wp-content/plugins/showcase-visual-composer-addon/assets/css/owl.theme.min.css]
[www.makeproductions.com/wp-content/plugins/showcase-visual-composer-addon/assets/css/style.min.css]
[www.makeproductions.com/wp-content/themes/rhythm/css/bootstrap.min.css]
[www.makeproductions.com/wp-content/themes/rhythm/css/style-responsive.css]
[www.makeproductions.com/wp-content/themes/rhythm/css/style.css]
[www.makeproductions.com/wp-content/themes/rhythm/css/animate.min.css]
[www.makeproductions.com/wp-content/themes/rhythm/css/vertical-rhythm.min.css]
[www.makeproductions.com/wp-content/themes/rhythm/css/owl.carousel.css]
[www.makeproductions.com/wp-content/themes/rhythm/css/magnific-popup.css]
[www.makeproductions.com/wp-content/themes/rhythm/css/font-awesome.min.css]
[www.makeproductions.com/wp-content/themes/rhythm/css/et-line.css]
[www.makeproductions.com/wp-content/themes/rhythm/style.css]
[www.makeproductions.com/wp-content/uploads/js_composer/js_composer_front_custom.css]
[www.makeproductions.com/wp-includes/js/jquery/jquery-migrate.min.js]
[www.makeproductions.com/wp-includes/js/jquery/jquery.js]
[www.makeproductions.com/wp-content/plugins/google-analyticator/external-tracking.min.js]
[www.makeproductions.com/wp-content/plugins/revslider/public/assets/js/jquery.themepunch.revolution.min.js]
[www.makeproductions.com/xmlrpc0db0.php]
[www.makeproductions.com/wp-content/plugins/revslider/public/assets/js/jquery.themepunch.tools.min.js]
[www.makeproductions.com/wp-json/index.html]
[www.makeproductions.com/wp-includes/wlwmanifest.xml]
[www.makeproductions.com/wp-json/oembed/1.0/embedb020.json]
[www.makeproductions.com/wp-json/oembed/1.0/embed49ed]
[www.makeproductions.com/wp-content/uploads/2015/08/MAKE-Productions-Logo2.png]
[www.makeproductions.com/wp-content/uploads/2018/01/702.png]
[www.makeproductions.com/showreel-trailers/index.html]
[www.makeproductions.com/wp-content/uploads/2018/01/TVF2017-e1516103856204.jpg]
[www.makeproductions.com/who/index.html]
[www.makeproductions.com/awards/index.html]
[www.makeproductions.com/wp-content/uploads/2014/10/World-Media-Awards-2017-e1516105247939.jpg]
[www.makeproductions.com/wp-content/uploads/2014/10/Logo_ATA_2017.png]
[www.makeproductions.com/wp-content/uploads/2018/01/awards20152.jpg]
[www.makeproductions.com/wp-content/uploads/2018/01/awards20151.jpg]
[www.makeproductions.com/contact/index.html]
[www.makeproductions.com/wp-content/uploads/2018/01/cof.png]
[www.makeproductions.com/latest-news/index.html]
[www.makeproductions.com/wp-content/uploads/2018/01/BIteamlab.png]
[www.makeproductions.com/portfolio/china-on-film/index.html]
[www.makeproductions.com/portfolio/teamlab/index.html]
[www.makeproductions.com/wp-content/uploads/2018/01/itsmarvel.png]
[www.makeproductions.com/portfolio/inside-storm-back-brink-marvel/index.html]
[www.makeproductions.com/wp-content/uploads/2018/01/hbboasia.jpg]
[www.makeproductions.com/wp-content/uploads/2015/09/Aljazeera.png]
[www.makeproductions.com/wp-content/uploads/2015/09/EATN.png]
[www.makeproductions.com/wp-content/uploads/2015/09/BBC.png]
[www.makeproductions.com/wp-content/uploads/2015/09/Channel5.png]
[www.makeproductions.com/wp-content/uploads/2014/10/channel-4.jpg]
[www.makeproductions.com/wp-content/uploads/2015/09/Channel-News-Asia.png]
[www.makeproductions.com/wp-content/uploads/2015/09/Bloomberg.png]
[www.makeproductions.com/wp-content/uploads/2015/09/Deutsche-Welle.png]
[www.makeproductions.com/wp-content/uploads/2014/10/hbboasia.jpg]
[www.makeproductions.com/wp-content/uploads/2015/09/Aljazeera1.png]
[www.makeproductions.com/wp-content/uploads/2015/09/BBC1.png]
[www.makeproductions.com/wp-content/uploads/2015/09/Channel-News-Asia1.png]
[www.makeproductions.com/wp-content/uploads/2014/10/channel-4-2.jpg]
[www.makeproductions.com/wp-content/uploads/2015/09/Channel51.png]
[www.makeproductions.com/wp-content/uploads/2015/09/EATN1.png]
[www.makeproductions.com/wp-content/uploads/2015/09/Bloomberg1.png]
[www.makeproductions.com/wp-content/uploads/2015/09/MakeLogo-Footer.png]
[www.makeproductions.com/wp-content/plugins/contact-form-7/includes/js/jquery.form.min.js]
[www.makeproductions.com/wp-content/plugins/contact-form-7/includes/js/scripts.js]
[www.makeproductions.com/wp-content/plugins/showcase-visual-composer-addon/assets/js/owl.carousel.min.js]
[www.makeproductions.com/wp-content/themes/rhythm/js/jquery.easing.1.3.js]
[www.makeproductions.com/wp-content/themes/rhythm/js/bootstrap.min.js]
[www.makeproductions.com/wp-content/themes/rhythm/js/jquery.scrollTo.min.js]
[www.makeproductions.com/wp-content/themes/rhythm/js/jquery.localScroll.min.js]
[www.makeproductions.com/wp-content/themes/rhythm/js/jquery.viewport.mini.js]
[www.makeproductions.com/wp-content/themes/rhythm/js/jquery.sticky.js]
[www.makeproductions.com/wp-content/themes/rhythm/js/jquery.parallax-1.1.3.js]
[www.makeproductions.com/wp-content/themes/rhythm/js/wow.min.js]
[www.makeproductions.com/wp-includes/js/comment-reply.min.js]
[www.makeproductions.com/wp-content/themes/rhythm/js/all.js]
[www.makeproductions.com/wp-includes/js/wp-embed.min.js]
[www.makeproductions.com/wp-content/themes/rhythm/js/jquery.mb.YTPlayer.js]
[www.makeproductions.com/wp-content/themes/rhythm/js/jquery.magnific-popup.min.js]
[www.makeproductions.com/wp-content/themes/rhythm/js/imagesloaded.pkgd.min.js]
[www.makeproductions.com/wp-content/themes/rhythm/js/isotope.pkgd.min.js]
[www.makeproductions.com/wp-content/themes/rhythm/js/packery-mode.pkgd.min.js]
[www.makeproductions.com/index.html]
[www.makeproductions.com/xmlrpc.php]
[www.makeproductions.com/wp-content/plugins/wysija-newsletters/css/validationEngine.jquery.css]
[www.makeproductions.com/wp-content/plugins/contact-form-7/includes/css/styles.css]
[www.makeproductions.com/wp-content/themes/rhythm/js/owl.carousel.min.js]
[www.makeproductions.com/wp-content/plugins/revslider/public/assets/fonts/revicons/revicons90c6.eot]
[www.makeproductions.com/wp-content/plugins/revslider/public/assets/fonts/revicons/revicons90c6.woff]
[www.makeproductions.com/wp-content/plugins/revslider/public/assets/fonts/revicons/revicons90c6.ttf]
[www.makeproductions.com/wp-content/plugins/revslider/public/assets/fonts/revicons/revicons90c6.svg]
[www.makeproductions.com/wp-content/plugins/revslider/public/assets/assets/gridtile.png]
[www.makeproductions.com/wp-content/plugins/revslider/public/assets/assets/gridtile_white.png]
[www.makeproductions.com/wp-content/plugins/revslider/public/assets/assets/gridtile_3x3.png]
[www.makeproductions.com/wp-content/plugins/revslider/public/assets/assets/gridtile_3x3_white.png]
[www.makeproductions.com/wp-content/plugins/revslider/public/assets/assets/coloredbg.png]
[www.makeproductions.com/wp-content/plugins/revslider/public/assets/css/settings.css]
[www.makeproductions.com/wp-content/plugins/revslider/public/assets/assets/loader.gif]
[www.makeproductions.com/wp-content/plugins/showcase-visual-composer-addon/assets/css/grabbing.png]
[www.makeproductions.com/wp-content/plugins/showcase-visual-composer-addon/assets/css/owl.carousel.min.css]
[www.makeproductions.com/wp-content/plugins/showcase-visual-composer-addon/assets/css/owl.theme.min.css]
[www.makeproductions.com/wp-content/plugins/showcase-visual-composer-addon/assets/images/ajax-loader.gif]
[www.makeproductions.com/wp-content/plugins/showcase-visual-composer-addon/assets/css/style.min.css]
[www.makeproductions.com/wp-content/themes/rhythm/css/bootstrap.min.css]
[www.makeproductions.com/wp-content/plugins/showcase-visual-composer-addon/assets/images/icon-sprite.png]
[www.makeproductions.com/wp-content/themes/rhythm/images/loader.gif]
[www.makeproductions.com/wp-content/themes/rhythm/css/style.css]
[www.makeproductions.com/wp-content/themes/rhythm/css/style-responsive.css]
[www.makeproductions.com/wp-content/themes/rhythm/css/animate.min.css]
[www.makeproductions.com/wp-content/themes/rhythm/css/vertical-rhythm.min.css]
[www.makeproductions.com/wp-content/themes/rhythm/images/pattern-bg-2.png]
[www.makeproductions.com/wp-content/themes/rhythm/css/grabbing.png]
[www.makeproductions.com/wp-content/themes/rhythm/css/owl.carousel.css]
[www.makeproductions.com/wp-content/themes/rhythm/css/magnific-popup.css]
[www.makeproductions.com/wp-content/themes/rhythm/fonts/fontawesome-webfont5b62.eot]
[www.makeproductions.com/wp-content/themes/rhythm/fonts/fontawesome-webfontd41d.eot]
[www.makeproductions.com/wp-content/themes/rhythm/fonts/fontawesome-webfont5b62.woff2]
[www.makeproductions.com/wp-content/themes/rhythm/fonts/fontawesome-webfont5b62.woff]
[www.makeproductions.com/wp-content/themes/rhythm/fonts/fontawesome-webfont5b62.svg]
[www.makeproductions.com/wp-content/themes/rhythm/css/font-awesome.min.css]
[www.makeproductions.com/wp-content/themes/rhythm/fonts/et-line.eot]
[www.makeproductions.com/wp-content/themes/rhythm/fonts/fontawesome-webfont5b62.ttf]
[www.makeproductions.com/wp-content/themes/rhythm/fonts/et-font.eot]
[www.makeproductions.com/wp-content/themes/rhythm/fonts/et-lined41d.eot]
[www.makeproductions.com/wp-content/themes/rhythm/fonts/et-line.woff]
[www.makeproductions.com/wp-content/themes/rhythm/fonts/et-line.svg]
[www.makeproductions.com/wp-content/themes/rhythm/fonts/et-line.ttf]
[www.makeproductions.com/wp-content/themes/rhythm/fonts/et-font.woff]
[www.makeproductions.com/wp-content/themes/rhythm/fonts/et-fontd41d.eot]
[www.makeproductions.com/wp-content/themes/rhythm/fonts/et-font.svg]
[www.makeproductions.com/wp-content/themes/rhythm/css/et-line.css]
[www.makeproductions.com/wp-content/themes/rhythm/style.css]
[www.makeproductions.com/wp-content/plugins/js_composer/assets/vc/alert.png]
[www.makeproductions.com/wp-content/themes/rhythm/fonts/et-font.ttf]
[www.makeproductions.com/wp-content/plugins/js_composer/assets/vc/info.png]
[www.makeproductions.com/wp-content/plugins/js_composer/assets/vc/tick.png]
[www.makeproductions.com/wp-content/plugins/js_composer/assets/vc/exclamation.png]
[www.makeproductions.com/wp-content/plugins/js_composer/assets/images/icons/address-book.png]
[www.makeproductions.com/wp-content/plugins/js_composer/assets/images/icons/alarm-clock.png]
[www.makeproductions.com/wp-content/plugins/js_composer/assets/images/icons/anchor.png]
[www.makeproductions.com/wp-content/plugins/js_composer/assets/images/icons/application-image.png]
[www.makeproductions.com/wp-content/plugins/js_composer/assets/images/icons/arrow.png]
[www.makeproductions.com/wp-content/plugins/js_composer/assets/images/icons/asterisk.png]
[www.makeproductions.com/wp-content/plugins/js_composer/assets/images/icons/auction-hammer.png]
[www.makeproductions.com/wp-content/plugins/js_composer/assets/images/icons/balloon.png]
[www.makeproductions.com/wp-content/plugins/js_composer/assets/images/icons/balloon-buzz.png]
[www.makeproductions.com/wp-content/plugins/js_composer/assets/images/icons/balloon-facebook.png]
[www.makeproductions.com/wp-content/plugins/js_composer/assets/images/icons/balloon-twitter.png]
[www.makeproductions.com/wp-content/plugins/js_composer/assets/images/icons/battery-full.png]
[www.makeproductions.com/wp-content/plugins/js_composer/assets/images/icons/binocular.png]
[www.makeproductions.com/wp-content/plugins/js_composer/assets/images/icons/blue-document-excel.png]
[www.makeproductions.com/wp-content/plugins/js_composer/assets/images/icons/blue-document-image.png]
[www.makeproductions.com/wp-content/plugins/js_composer/assets/images/icons/blue-document-music.png]
[www.makeproductions.com/wp-content/plugins/js_composer/assets/images/icons/blue-document-office.png]
[www.makeproductions.com/wp-content/plugins/js_composer/assets/images/icons/blue-document-pdf.png]
[www.makeproductions.com/wp-content/plugins/js_composer/assets/images/icons/blue-document-powerpoint.png]
[www.makeproductions.com/wp-content/plugins/js_composer/assets/images/icons/blue-document-word.png]
[www.makeproductions.com/wp-content/plugins/js_composer/assets/images/icons/bookmark.png]
[www.makeproductions.com/wp-content/plugins/js_composer/assets/images/icons/camcorder.png]
[www.makeproductions.com/wp-content/plugins/js_composer/assets/images/icons/camera.png]
[www.makeproductions.com/wp-content/plugins/js_composer/assets/images/icons/chart.png]
[www.makeproductions.com/wp-content/plugins/js_composer/assets/images/icons/chart-pie.png]
[www.makeproductions.com/wp-content/plugins/js_composer/assets/images/icons/clock.png]
[www.makeproductions.com/wp-content/plugins/js_composer/assets/images/icons/control.png]
[www.makeproductions.com/wp-content/plugins/js_composer/assets/images/icons/fire.png]
[www.makeproductions.com/wp-content/plugins/js_composer/assets/images/icons/heart.png]
[www.makeproductions.com/wp-content/plugins/js_composer/assets/images/icons/mail.png]
[www.makeproductions.com/wp-content/plugins/js_composer/assets/images/icons/plus-shield.png]
[www.makeproductions.com/wp-content/plugins/js_composer/assets/images/icons/video.png]
[www.makeproductions.com/wp-content/plugins/js_composer/assets/fonts/vc_icons/fonts/VC-Icons8309.ttf]
[www.makeproductions.com/wp-content/plugins/js_composer/assets/fonts/vc_icons/fonts/VC-Icons8309.woff]
[www.makeproductions.com/wp-content/plugins/js_composer/assets/fonts/vc_icons/fonts/VC-Icons8309.svg]
[www.makeproductions.com/wp-content/plugins/js_composer/assets/images/toggle_open.png]
[www.makeproductions.com/wp-content/plugins/js_composer/assets/images/toggle_close.png]
[www.makeproductions.com/wp-content/plugins/js_composer/assets/images/flickr.png]
[www.makeproductions.com/wp-content/plugins/js_composer/assets/vc/blur.svg]
[www.makeproductions.com/wp-content/plugins/js_composer/assets/fonts/vc_grid/vc_grid_v157a1.eot]
[www.makeproductions.com/wp-content/plugins/js_composer/assets/fonts/vc_grid/vc_grid_v1d41d.eot]
[www.makeproductions.com/wp-content/plugins/js_composer/assets/fonts/vc_grid/vc_grid_v157a1.woff]
[www.makeproductions.com/wp-content/plugins/js_composer/assets/fonts/vc_grid/vc_grid_v157a1.ttf]
[www.makeproductions.com/wp-content/plugins/js_composer/assets/fonts/vc_grid/vc_grid_v157a1.svg]
[www.makeproductions.com/wp-content/uploads/js_composer/js_composer_front_custom.css]
[www.makeproductions.com/wp-json/oembed/1.0/embedd1aa.json]
[www.makeproductions.com/showreel-trailers/feed/index.html]
[www.makeproductions.com/showreel-trailers/index.html]
[www.makeproductions.com/wp-json/oembed/1.0/embed16a1]
[www.makeproductions.com/portfolio/great-green-wall/index.html]
[www.makeproductions.com/portfolio/edible-wild/index.html]
[www.makeproductions.com/portfolio/talwars-behind-closed-doors/index.html]
[www.makeproductions.com/wp-json/oembed/1.0/embedcd40.json]
[www.makeproductions.com/wp-content/uploads/2016/09/sk.jpg]
[www.makeproductions.com/wp-json/oembed/1.0/embed8262]
[www.makeproductions.com/portfolio-all/index.html]
[www.makeproductions.com/wp-content/uploads/2016/09/sm.jpg]
[www.makeproductions.com/wp-content/uploads/2017/11/Brad-2-e1510979010364.jpg]
[www.makeproductions.com/wp-content/uploads/2015/09/IMG_7384-e1510979116276.jpg]
[www.makeproductions.com/wp-content/uploads/2016/09/etoc.jpg]
[www.makeproductions.com/wp-content/uploads/2015/09/Yeennie-Pic-e1519293659410.jpg]
[www.makeproductions.com/wp-content/uploads/2015/09/LeoMAKEWebsite-e1510979992803.jpg]
[www.makeproductions.com/wp-content/uploads/2017/03/IMG_7116-e1490962846353.jpg]
[www.makeproductions.com/wp-content/uploads/2015/09/IMG_7390-e1510979490609.jpg]
[www.makeproductions.com/wp-content/uploads/2017/03/IMG_7115-e1510979752383.jpg]
[www.makeproductions.com/wp-content/uploads/2018/01/IMG_8321-e1515752729466.jpg]
[www.makeproductions.com/wp-content/uploads/2017/03/IMG_7117-e1490963684980.jpg]
[www.makeproductions.com/wp-content/uploads/2015/09/Amirah-Pic-e1519293773252.jpg]
[www.makeproductions.com/wp-content/themes/rhythm/js/jquery.simple-text-rotator.min.js]
[www.makeproductions.com/who/index.html]
[www.makeproductions.com/wp-json/oembed/1.0/embed93a5.json]
[www.makeproductions.com/wp-json/oembed/1.0/embeda4d7]
[www.makeproductions.com/wp-content/uploads/2017/10/talwars-e1515990146119.png]
[www.makeproductions.com/wp-content/uploads/2018/01/talwars1-e1516263186477.png]
[www.makeproductions.com/wp-content/uploads/2018/01/talwars2-e1516263237948.png]
[www.makeproductions.com/wp-content/uploads/2018/01/talwars4-e1516263138487.png]
[www.makeproductions.com/wp-content/uploads/2018/01/talwars6-e1516604111971.png]
[www.makeproductions.com/wp-content/uploads/2018/01/talwars3-e1516263302864.png]
[www.makeproductions.com/wp-content/uploads/2018/01/its.png]
[www.makeproductions.com/wp-content/uploads/2015/09/lego6.png]
[www.makeproductions.com/wp-content/uploads/2015/09/lego2.png]
[www.makeproductions.com/wp-content/uploads/2015/09/lego4.png]
[www.makeproductions.com/wp-content/uploads/2015/09/lego5.png]
[www.makeproductions.com/wp-content/uploads/2015/09/lego1.png]
[www.makeproductions.com/wp-content/uploads/2015/09/lego3.png]
[www.makeproductions.com/wp-content/uploads/2016/10/UITNODIGING-AVANT-PREMIERE-BACK-TO-UTOPIA.jpg]
[www.makeproductions.com/wp-content/uploads/2018/01/utopia4-e1516604830442.png]
[www.makeproductions.com/wp-content/uploads/2018/01/utopia3-e1516604803225.png]
[www.makeproductions.com/wp-content/uploads/2018/01/utopia6-e1516607239576.png]
[www.makeproductions.com/wp-content/uploads/2018/01/utopia2-e1516606316166.png]
[www.makeproductions.com/wp-content/uploads/2018/01/utopia5-e1516606153457.png]
[www.makeproductions.com/wp-content/uploads/2018/01/utopia1-e1516604630631.png]
[www.makeproductions.com/wp-content/uploads/2016/08/nk-slaves-e1480092990300.jpg]
[www.makeproductions.com/wp-content/uploads/2015/09/slave1.jpg]
[www.makeproductions.com/wp-content/uploads/2017/01/slave3.png]
[www.makeproductions.com/wp-content/uploads/2015/09/1-1-e1484116777213.jpg]
[www.makeproductions.com/wp-content/uploads/2017/01/slave4.png]
[www.makeproductions.com/wp-content/uploads/2015/09/9-1-e1484115263243.jpg]
[www.makeproductions.com/wp-content/uploads/2015/09/slave2.jpg]
[www.makeproductions.com/wp-content/uploads/2014/10/Logo_ATA_2016-e1484110920415.png]
[www.makeproductions.com/wp-content/uploads/2016/01/InsideTheStorm-Title01.jpg]
[www.makeproductions.com/wp-content/uploads/2015/09/DOB_Kodak-Strictland.png]
[www.makeproductions.com/wp-content/uploads/2015/09/DOB_Kodak-05.png]
[www.makeproductions.com/wp-content/uploads/2015/09/DOB_Kodak-01.png]
[www.makeproductions.com/wp-content/uploads/2015/09/DOB_Kodak-04.png]
[www.makeproductions.com/wp-content/uploads/2015/09/boat-people-5.jpg]
[www.makeproductions.com/wp-content/uploads/2015/09/boat-people-1.jpg]
[www.makeproductions.com/wp-content/uploads/2015/09/boat-peopl-2.jpg]
[www.makeproductions.com/wp-content/uploads/2016/09/Boat-People-04.jpg]
[www.makeproductions.com/wp-content/uploads/2015/09/boat-people-6.jpg]
[www.makeproductions.com/wp-content/uploads/2015/09/cybersex.jpg]
[www.makeproductions.com/wp-content/uploads/2015/09/dens9.jpg]
[www.makeproductions.com/wp-content/uploads/2015/09/dens5.jpg]
[www.makeproductions.com/wp-content/uploads/2015/09/dens4.jpg]
[www.makeproductions.com/wp-content/uploads/2015/09/dens1.jpg]
[www.makeproductions.com/wp-content/uploads/2015/09/dens2.jpg]
[www.makeproductions.com/wp-content/uploads/2015/09/dens.jpg]
[www.makeproductions.com/wp-content/uploads/2015/09/dens3.jpg]
[www.makeproductions.com/wp-content/uploads/2015/09/yellowshirt.png]
[www.makeproductions.com/wp-content/uploads/2015/09/yellowshirt1.png]
[www.makeproductions.com/wp-content/uploads/2015/09/yellowshirt4.png]
[www.makeproductions.com/wp-content/uploads/2015/09/yellowshirt3.png]
[www.makeproductions.com/wp-content/uploads/2015/09/yellowshirt5.png]
[www.makeproductions.com/wp-content/uploads/2015/09/yellowshirt6.png]
[www.makeproductions.com/wp-content/uploads/2015/09/yellowshirt7-1.png]
[www.makeproductions.com/wp-content/uploads/2015/09/Sewol1.jpg]
[www.makeproductions.com/wp-content/uploads/2015/09/Sewol6.jpg]
[www.makeproductions.com/wp-content/uploads/2015/09/Sewol3.jpg]
[www.makeproductions.com/wp-content/uploads/2015/09/Sewol5.jpg]
[www.makeproductions.com/wp-content/uploads/2015/09/Exile1.jpg]
[www.makeproductions.com/wp-content/uploads/2015/09/Exile2.jpg]
[www.makeproductions.com/wp-content/uploads/2015/09/Exile3.jpg]
[www.makeproductions.com/wp-content/uploads/2015/09/Exile4.jpg]
[www.makeproductions.com/wp-content/uploads/2015/09/Exile5.jpg]
[www.makeproductions.com/wp-content/uploads/2017/01/laurels1a-e1484118212304.jpg]
[www.makeproductions.com/wp-content/uploads/2015/09/0.jpg]
[www.makeproductions.com/wp-content/uploads/2015/09/61.jpg]
[www.makeproductions.com/wp-content/uploads/2015/09/41.jpg]
[www.makeproductions.com/wp-content/uploads/2015/09/11.jpg]
[www.makeproductions.com/wp-content/uploads/2015/09/51.jpg]
[www.makeproductions.com/wp-content/uploads/2015/09/21.jpg]
[www.makeproductions.com/wp-content/uploads/2015/09/DOB-Teaser-02.png]
[www.makeproductions.com/wp-content/uploads/2015/09/DOB_Kingfisher-Gupta.png]
[www.makeproductions.com/wp-content/uploads/2015/09/DOB_Barings-03.png]
[www.makeproductions.com/wp-content/uploads/2015/09/DOB-Teaser-01.png]
[www.makeproductions.com/wp-content/uploads/2015/09/murderinparadise.jpg]
[www.makeproductions.com/wp-content/uploads/2016/04/C0069T01.jpg]
[www.makeproductions.com/wp-content/uploads/2015/09/murderinparadise1.png.jpg]
[www.makeproductions.com/wp-content/uploads/2015/09/murderinparadise3.jpg]
[www.makeproductions.com/wp-content/uploads/2015/09/murderinparadise2.jpg]
[www.makeproductions.com/wp-content/uploads/2015/09/C0043T01.jpg]
[www.makeproductions.com/wp-content/uploads/2015/09/ebola-3.jpg]
[www.makeproductions.com/wp-content/uploads/2016/09/IMG_6615.jpg]
[www.makeproductions.com/wp-content/uploads/2015/09/ebola-1.jpg]
[www.makeproductions.com/wp-content/uploads/2016/09/IMG_6562.jpg]
[www.makeproductions.com/wp-content/uploads/2015/09/ebola-4.jpg]
[www.makeproductions.com/wp-content/uploads/2015/09/ebola-2.jpg]
[www.makeproductions.com/wp-content/uploads/2015/09/cambodia-2.jpg]
[www.makeproductions.com/wp-content/uploads/2015/09/cambodia-1.jpg]
[www.makeproductions.com/wp-content/uploads/2015/09/cambodia-5.jpg]
[www.makeproductions.com/wp-content/uploads/2015/09/cambodia-4.jpg]
[www.makeproductions.com/wp-content/uploads/2015/09/cambodia-3.jpg]
[www.makeproductions.com/wp-content/uploads/2015/09/cambodia-6.jpg]
[www.makeproductions.com/wp-content/uploads/2015/09/cambodia-7.jpg]
[www.makeproductions.com/wp-content/uploads/2015/09/laurels2a.jpg]
[www.makeproductions.com/wp-content/uploads/2016/09/the-day-the-earth-shook1-e1473848692741.jpg]
[www.makeproductions.com/wp-content/uploads/2016/09/nepalearthquake1-e1473848786826.jpg]
[www.makeproductions.com/wp-content/uploads/2016/09/Nepal11-e1473848736175.jpg]
[www.makeproductions.com/wp-content/uploads/2016/09/nepal61-e1473848752190.jpg]
[www.makeproductions.com/awards/index.html]
[www.makeproductions.com/wp-content/uploads/2016/09/nepal51-e1473848769405.jpg]
[www.makeproductions.com/latest-news/feed/index.html]
[www.makeproductions.com/wp-json/oembed/1.0/embed2ca0.json]
[www.makeproductions.com/wp-json/oembed/1.0/embed354b]
[www.makeproductions.com/wp-content/uploads/2018/01/talwars5.jpg]
[www.makeproductions.com/wp-content/uploads/2018/01/showreelpic-1140x642.png]
[www.makeproductions.com/orange-magazine-report-win-7th-china-academy-awards-documentary-film/index.html]
[www.makeproductions.com/author/makeproductions/index.html]
[www.makeproductions.com/wp-content/uploads/2018/01/26230524_1494811810566572_5886952365968240840_n-960x642.jpg]
[www.makeproductions.com/look-back-makes-2017/index.html]
[www.makeproductions.com/category/news/index.html]
[www.makeproductions.com/wp-content/uploads/2016/09/sm-794x642.jpg]
[www.makeproductions.com/wp-content/uploads/2018/01/ewcna-1140x642.png]
[www.makeproductions.com/make-win-7th-china-academy-awards-documentary-film/index.html]
[www.makeproductions.com/latest-news/index.html]
[www.makeproductions.com/uk-coverage-asian-co-production-hbo-star-india/index.html]
[www.makeproductions.com/3-nominations-2017-asian-television-awards/index.html]
[www.makeproductions.com/wp-json/oembed/1.0/embed9c33.json]
[www.makeproductions.com/edible-wild-promo-channel-newsasias-first-look-asia/index.html]
[www.makeproductions.com/cdn-cgi/l/email-protection.html]
[www.makeproductions.com/wp-json/oembed/1.0/embedfdb9]
[www.makeproductions.com/contact/index.html]
[www.makeproductions.com/cdn-cgi/scripts/5c5dd728/cloudflare-static/email-decode.min.js]
[www.makeproductions.com/latest-news/page/2/index.html]
[www.makeproductions.com/latest-news/page/6/index.html]
[www.makeproductions.com/latest-news/page/3/index.html]
[www.makeproductions.com/wp-json/oembed/1.0/embed37be.json]
[www.makeproductions.com/wp-json/oembed/1.0/embed3454]
[www.makeproductions.com/wp-content/uploads/2018/01/BIteamlab-458x247.png]
[www.makeproductions.com/wp-content/uploads/2018/01/itsmarvel-458x247.png]
[www.makeproductions.com/wp-content/uploads/2018/01/its-458x247.png]
[www.makeproductions.com/wp-content/uploads/2018/01/ewcna1-458x247.png]
[www.makeproductions.com/portfolio/china-on-film/index.html]
[www.makeproductions.com/portfolio/inside-storm-back-brink/index.html]
[www.makeproductions.com/wp-json/oembed/1.0/embed61f7.json]
[www.makeproductions.com/wp-json/oembed/1.0/embeda2bc]
[www.makeproductions.com/wp-content/uploads/2016/08/caofei-e1473232000937-458x247.png]
[www.makeproductions.com/portfolio/cao-fei/index.html]
[www.makeproductions.com/wp-content/uploads/2016/09/cai-guo-qiang.jpg]
[www.makeproductions.com/wp-content/uploads/2016/08/uram-choe-458x247.png]
[www.makeproductions.com/wp-content/uploads/2016/08/Xu-Bing-458x247.jpg]
[www.makeproductions.com/portfolio/teamlab/index.html]
[www.makeproductions.com/portfolio/cai-guo-qiang/index.html]
[www.makeproductions.com/wp-json/oembed/1.0/embedf25d.json]
[www.makeproductions.com/wp-json/oembed/1.0/embed73d7]
[www.makeproductions.com/wp-content/uploads/2018/01/cof-458x247.png]
[www.makeproductions.com/portfolio/uram-choe/index.html]
[www.makeproductions.com/portfolio/inside-storm-back-brink-marvel/index.html]
[www.makeproductions.com/portfolio/xu-bing/index.html]
[www.makeproductions.com/wp-content/plugins/revslider/public/assets/fonts/revicons/revicons90c6.svg]
[www.makeproductions.com/wp-content/plugins/revslider/public/assets/css/openhand.html]
[www.makeproductions.com/wp-content/plugins/revslider/public/assets/css/closedhand.html]
[www.makeproductions.com/wp-content/plugins/showcase-visual-composer-addon/assets/css/grabbing.html]
[www.makeproductions.com/wp-content/themes/rhythm/images/loader.html]
[www.makeproductions.com/wp-content/themes/rhythm/fonts/fontawesome-webfont5b62.svg]
[www.makeproductions.com/wp-content/themes/rhythm/fonts/et-line.svg]
[www.makeproductions.com/wp-content/themes/rhythm/fonts/et-font.svg]
[www.makeproductions.com/wp-content/plugins/js_composer/assets/fonts/vc_icons/fonts/VC-Icons8309.svg]
[www.makeproductions.com/wp-content/plugins/js_composer/assets/vc/blur.svg]
[www.makeproductions.com/wp-content/plugins/js_composer/assets/fonts/vc_grid/vc_grid_v157a1.svg]
[www.makeproductions.com/index3dd6.html]
[www.makeproductions.com/wp-content/uploads/2018/01/ewcna1.png]
[www.makeproductions.com/wp-json/oembed/1.0/embed017b.json]
[www.makeproductions.com/portfolio/edible-wild/index.html]
[www.makeproductions.com/wp-json/oembed/1.0/embed68ec]
[www.makeproductions.com/wp-json/oembed/1.0/embed3056.json]
[www.makeproductions.com/portfolio/talwars-behind-closed-doors/index.html]
[www.makeproductions.com/wp-json/oembed/1.0/embed08fe]
[www.makeproductions.com/wp-content/uploads/2018/01/ggw-e1515990012207.png]
[www.makeproductions.com/wp-json/oembed/1.0/embed80bc.json]
[www.makeproductions.com/portfolio/great-green-wall/index.html]
[www.makeproductions.com/wp-json/oembed/1.0/embed6470]
[www.makeproductions.com/portfolio/rebellion-in-marawi/index.html]
[www.makeproductions.com/wp-json/oembed/1.0/embed86f7.json]
[www.makeproductions.com/portfolio-all/feed/index.html]
[www.makeproductions.com/wp-json/oembed/1.0/embedd7b6]
[www.makeproductions.com/wp-content/uploads/2015/03/MAKE_Banners-19.jpg]
[www.makeproductions.com/wp-content/uploads/2018/01/cof-650x418.png]
[www.makeproductions.com/wp-content/uploads/2018/01/BIteamlab-650x418.png]
[www.makeproductions.com/wp-content/uploads/2018/01/itsmarvel-650x418.png]
[www.makeproductions.com/wp-content/uploads/2018/01/its-650x418.png]
[www.makeproductions.com/wp-content/uploads/2018/01/ewcna1-650x418.png]
[www.makeproductions.com/wp-content/uploads/2017/10/talwars-e1515990146119-650x418.png]
[www.makeproductions.com/wp-content/uploads/2018/01/ggw-e1515990012207-650x418.png]
[www.makeproductions.com/wp-content/uploads/2018/01/marawi-650x418.png]
[www.makeproductions.com/wp-content/themes/rhythm/js/masonry.pkgd.min.js]
[www.makeproductions.com/portfolio-all/index.html]
[www.makeproductions.com/portfolio-all/page/2/index.html]
[www.makeproductions.com/index038b.html]
[www.makeproductions.com/portfolio-all/page/3/index.html]
[www.makeproductions.com/index5dea.html]
[www.makeproductions.com/wp-content/uploads/2015/09/lego3.png]
[www.makeproductions.com/portfolio-all/page/5/index.html]
[www.makeproductions.com/wp-content/uploads/2018/01/utopia4-e1516604830442.png]
[www.makeproductions.com/wp-content/uploads/2018/01/utopia3-e1516604803225.png]
[www.makeproductions.com/wp-content/uploads/2016/09/Boat-People-04.jpg]
[www.makeproductions.com/wp-content/uploads/2015/09/dens1.jpg]
[www.makeproductions.com/wp-content/uploads/2015/09/dens2.jpg]
[www.makeproductions.com/wp-content/uploads/2015/09/dens.jpg]
[www.makeproductions.com/wp-content/uploads/2015/09/dens3.jpg]
[www.makeproductions.com/wp-content/uploads/2015/09/yellowshirt.png]
[www.makeproductions.com/wp-content/uploads/2015/09/yellowshirt1.png]
[www.makeproductions.com/wp-content/uploads/2015/09/yellowshirt2.png]
[www.makeproductions.com/wp-content/uploads/2015/09/yellowshirt4.png]
[www.makeproductions.com/wp-content/uploads/2015/09/yellowshirt3.png]
[www.makeproductions.com/wp-content/uploads/2015/09/yellowshirt5.png]
[www.makeproductions.com/wp-content/uploads/2015/09/yellowshirt6.png]
[www.makeproductions.com/wp-content/uploads/2015/09/yellowshirt7-1.png]
[www.makeproductions.com/wp-content/uploads/2015/09/Sewol3.jpg]
[www.makeproductions.com/wp-content/uploads/2015/09/Sewol4.jpg]
[www.makeproductions.com/wp-content/uploads/2015/09/DOB-Teaser-02.png]
[www.makeproductions.com/wp-content/uploads/2015/09/DOB_Kingfisher-Gupta.png]
[www.makeproductions.com/wp-content/uploads/2015/09/DOB_Barings-03.png]
[www.makeproductions.com/wp-content/uploads/2015/09/DOB-Teaser-01.png]
[www.makeproductions.com/wp-content/uploads/2016/04/C0069T01.jpg]
[www.makeproductions.com/wp-content/uploads/2015/09/C0013T01.jpg]
[www.makeproductions.com/wp-content/uploads/2016/09/IMG_6615.jpg]
[www.makeproductions.com/wp-content/uploads/2016/09/IMG_6562.jpg]
[www.makeproductions.com/wp-content/uploads/2015/09/cambodia-6.jpg]
[www.makeproductions.com/wp-content/uploads/2016/09/nepalearthquake1-e1473848786826.jpg]
[www.makeproductions.com/index6934.html]
[www.makeproductions.com/wp-content/uploads/2016/09/nepal31-e1473848712194.jpg]
[www.makeproductions.com/wp-json/oembed/1.0/embedb00a.json]
[www.makeproductions.com/wp-json/oembed/1.0/embedde81]
[www.makeproductions.com/wp-content/uploads/2015/03/MAKE_Banners-18.jpg]
[www.makeproductions.com/orange-magazine-report-win-7th-china-academy-awards-documentary-film/feed/index.html]
[www.makeproductions.com/wp-content/plugins/facebook-pagelike-widget/loader.gif]
[www.makeproductions.com/wp-login.html]
[www.makeproductions.com/wp-content/plugins/facebook-pagelike-widget/fb.js]
[www.makeproductions.com/orange-magazine-report-win-7th-china-academy-awards-documentary-film/index.html]
[www.makeproductions.com/wp-content/uploads/2017/11/bc.jpg]
[www.makeproductions.com/wp-content/uploads/2017/10/talwars-e1515990146119-1140x566.png]
[www.makeproductions.com/wp-content/uploads/2018/01/ggw-e1515990012207-1140x566.png]
[www.makeproductions.com/wp-content/uploads/2017/08/GGW1-1140x642.png]
[www.makeproductions.com/author/makeproductions/index.html]
[www.makeproductions.com/category/news/index.html]
[www.makeproductions.com/tag/ebola/index.html]
[www.makeproductions.com/wp-content/uploads/2018/01/showreelpic.png]
[www.makeproductions.com/tag/ebola-outbreak/index.html]
[www.makeproductions.com/wp-json/oembed/1.0/embedf9f5.json]
[www.makeproductions.com/wp-json/oembed/1.0/embedd6e6]
[www.makeproductions.com/wp-content/uploads/2015/03/MAKE_Banners-14.jpg]
[www.makeproductions.com/look-back-makes-2017/index.html]
[www.makeproductions.com/tag/medecins-sans-frontiers/index.html]
[www.makeproductions.com/wp-content/uploads/2018/01/26230524_1494811810566572_5886952365968240840_n.jpg]
[www.makeproductions.com/tag/sierra-leone/index.html]
[www.makeproductions.com/wp-json/oembed/1.0/embed0cad.json]
[www.makeproductions.com/author/makeproductions/page/2/index.html]
[www.makeproductions.com/author/makeproductions/feed/index.html]
[www.makeproductions.com/wp-json/oembed/1.0/embedbacd]
[www.makeproductions.com/make-win-7th-china-academy-awards-documentary-film/index.html]
[www.makeproductions.com/makes-first-ever-head-content-development/index.html]
[www.makeproductions.com/uk-coverage-asian-co-production-hbo-star-india/index.html]
[www.makeproductions.com/wp-json/oembed/1.0/embedbe76.json]
[www.makeproductions.com/wp-json/oembed/1.0/embedd560]
[www.makeproductions.com/wp-json/oembed/1.0/embed6b38.json]
[www.makeproductions.com/makes-exclusive-4-part-series-talwars-behind-closed-doors/index.html]
[www.makeproductions.com/3-nominations-2017-asian-television-awards/index.html]
[www.makeproductions.com/wp-json/oembed/1.0/embed1029]
[www.makeproductions.com/trailer-great-green-wall/index.html]
[www.makeproductions.com/wp-content/uploads/2018/01/ewcna.png]
[www.makeproductions.com/great-green-wall-bbc-newsnight/index.html]
[www.makeproductions.com/author/makeproductions/page/3/index.html]
[www.makeproductions.com/wp-json/oembed/1.0/embedf452.json]
[www.makeproductions.com/wp-json/oembed/1.0/embed273c]
[www.makeproductions.com/edible-wild-promo-channel-newsasias-first-look-asia/index.html]
[www.makeproductions.com/author/makeproductions/page/4/index.html]
[www.makeproductions.com/wp-content/uploads/2018/01/winnerstvf-1140x488.png]
[www.makeproductions.com/category/news/page/2/index.html]
[www.makeproductions.com/wp-content/uploads/2017/03/High-school-boys-hanging-out-after-school-while-smoking-Credit-Taufiq-Jaafar-1140x642.jpg]
[www.makeproductions.com/latest-news/page/2/index.html]
[www.makeproductions.com/category/news/feed/index.html]
[www.makeproductions.com/wp-content/uploads/2017/02/2017finalists.png]
[www.makeproductions.com/wp-content/uploads/2016/08/nk-slaves-e1480092990300-1140x642.jpg]
[www.makeproductions.com/wp-content/uploads/2016/04/C0069T01-1140x642.jpg]
[www.makeproductions.com/category/news/page/3/index.html]
[www.makeproductions.com/wp-content/uploads/2016/04/CYBERSEX_IMAGE_004-1140x642.jpg]
[www.makeproductions.com/wp-content/uploads/2015/09/Sewol3-1140x642.jpg]
[www.makeproductions.com/latest-news/page/3/index.html]
[www.makeproductions.com/category/news/page/4/index.html]
[www.makeproductions.com/wp-content/uploads/2014/10/7003917056_2c755357a6_o-1024x642.jpg]
[www.makeproductions.com/latest-news/page/6/index.html]
[www.makeproductions.com/look-back-makes-2017/feed/index.html]
[www.makeproductions.com/indexce66.html]
[www.makeproductions.com/cdn-cgi/l/email-protection.html]
[www.makeproductions.com/wp-content/uploads/2018/01/showreelpic-1140x642.png]
[www.makeproductions.com/index46fa.html]
[www.makeproductions.com/make-win-7th-china-academy-awards-documentary-film/feed/index.html]
[www.makeproductions.com/wp-json/oembed/1.0/embed5233.json]
[www.makeproductions.com/portfolio/inside-storm-back-brink/index.html]
[www.makeproductions.com/wp-json/oembed/1.0/embedaed0]
[www.makeproductions.com/index17a2.html]
[www.makeproductions.com/uk-coverage-asian-co-production-hbo-star-india/feed/index.html]
[www.makeproductions.com/wp-content/uploads/2016/08/caofei-e1473232000937.png]
[www.makeproductions.com/wp-json/oembed/1.0/embed64f0.json]
[www.makeproductions.com/wp-json/oembed/1.0/embedbc3f]
[www.makeproductions.com/portfolio/cao-fei/index.html]
[www.makeproductions.com/3-nominations-2017-asian-television-awards/feed/index.html]
[www.makeproductions.com/wp-json/oembed/1.0/embed30b1.json]
[www.makeproductions.com/wp-json/oembed/1.0/embed956a]
[www.makeproductions.com/portfolio/cai-guo-qiang/index.html]
[www.makeproductions.com/wp-content/uploads/2016/08/uram-choe.png]
[www.makeproductions.com/wp-json/oembed/1.0/embed5b6e.json]
[www.makeproductions.com/wp-json/oembed/1.0/embed9335]
[www.makeproductions.com/wp-includes/images/media/default.png]
[www.makeproductions.com/portfolio/uram-choe/index.html]
[www.makeproductions.com/edible-wild-promo-channel-newsasias-first-look-asia/feed/index.html]
[www.makeproductions.com/wp-content/uploads/2016/08/Xu-Bing.jpg]
[www.makeproductions.com/wp-json/oembed/1.0/embed2adf.json]
[www.makeproductions.com/wp-json/oembed/1.0/embeddea1]
[www.makeproductions.com/portfolio/xu-bing/index.html]
[www.makeproductions.com/indexa238.html]
[www.makeproductions.com/makes-wins-new-york-festivals-2017/index.html]
[www.makeproductions.com/index0703.html]
[www.makeproductions.com/101-east-jakarta-school-brawl/index.html]
[www.makeproductions.com/index53cc.html]
[www.makeproductions.com/index7d36.html]
[www.makeproductions.com/wp-content/uploads/2018/01/marawi.png]
[www.makeproductions.com/latest-news/page/4/index.html]
[www.makeproductions.com/wp-json/oembed/1.0/embed573b.json]
[www.makeproductions.com/wp-json/oembed/1.0/embed30b1]
[www.makeproductions.com/portfolio/rebellion-in-marawi/index.html]
[www.makeproductions.com/new-york-festivals-2017-nominations/index.html]
[www.makeproductions.com/index6093.html]
[www.makeproductions.com/back-utopia/index.html]
[www.makeproductions.com/wp-content/uploads/2018/01/ucith-650x418.png]
[www.makeproductions.com/wp-content/uploads/2016/08/caofei-e1473232000937-650x418.png]
[www.makeproductions.com/wp-content/uploads/2016/09/dispatches-650x418.jpg]
[www.makeproductions.com/wp-content/uploads/2016/08/uram-choe-650x418.png]
[www.makeproductions.com/wp-content/uploads/2016/09/themanintheyellowshirt-e1473241138152.jpg]
[www.makeproductions.com/wp-content/uploads/2016/08/nk-slaves-e1480092439666-650x418.jpg]
[www.makeproductions.com/wp-content/uploads/2016/09/sextortionsuicide-e1473240085536.jpg]
[www.makeproductions.com/portfolio-all/page/2/index.html]
[www.makeproductions.com/north-korean-slaves-cna-channel4uk/index.html]
[www.makeproductions.com/wp-content/uploads/2016/09/murderinparadise-e1473238343585.jpg]
[www.makeproductions.com/murder-in-paradise-channel-newsasia-channel-4-uk/index.html]
[www.makeproductions.com/wp-content/uploads/2016/09/childrenofcybersexdens-e1473237771249.jpg]
[www.makeproductions.com/wp-content/uploads/2016/01/inside-the-storm-650x418.png]
[www.makeproductions.com/undercover-asia-children-of-the-cybersex-dens/index.html]
[www.makeproductions.com/wp-content/uploads/2016/08/Xu-Bing-650x418.jpg]
[www.makeproductions.com/wp-content/uploads/2016/09/myanmar1-e1473242847244.jpg]
[www.makeproductions.com/wp-content/uploads/2016/09/project-symphony-650x418.jpg]
[www.makeproductions.com/wp-content/uploads/2015/03/KoreasBroken-650x418.jpg]
[www.makeproductions.com/wp-content/uploads/2015/03/Make_Vimeo_Cover_Images_Final2-650x418.jpg]
[www.makeproductions.com/make-gets-gold-at-worldmediafestival/index.html]
[www.makeproductions.com/portfolio-all/page/3/index.html]
[www.makeproductions.com/wp-content/uploads/2015/03/ThisIsExile-650x418.jpg]
[www.makeproductions.com/latest-news/page/5/index.html]
[www.makeproductions.com/wp-content/uploads/2015/03/Briliant-Ideas-650x418.jpg]
[www.makeproductions.com/director-jeremy-bristows-second-report-from-sierra-leone-where-he-is-filming-the-ebola-outbreak-on-behalf-of-make-productions/index.html]
[www.makeproductions.com/wp-content/uploads/2015/03/ISIS-650x418.jpg]
[www.makeproductions.com/wp-content/uploads/2015/03/Ebola-650x418.jpg]
[www.makeproductions.com/wp-content/uploads/2015/03/Cambodia-The-Dark-Side-650x418.jpg]
[www.makeproductions.com/portfolio-all/page/5/index.html]
[www.makeproductions.com/portfolio/dispatches-brexit-who/index.html]
[www.makeproductions.com/indexd707.html]
[www.makeproductions.com/portfolio/undercover-asia-name-honour/index.html]
[www.makeproductions.com/portfolio/the-man-in-the-yellow-shirt/index.html]
[www.makeproductions.com/wp-admin/load-stylesda4e.css]
[www.makeproductions.com/portfolio/myanmar-road-to-democracy/index.html]
[www.makeproductions.com/wp-loginc2b6.html]
[www.makeproductions.com/wp-login.html]
[www.makeproductions.com/portfolio/inside-the-storm-lessons-from-the-boardroom/index.html]
[www.makeproductions.com/wp-admin/load-scripts6fbf.php]
[www.makeproductions.com/wp-content/uploads/2014/10/13717624625_c584569b9b_k-1140x642.jpg]
[www.makeproductions.com/portfolio/north-korean-slaves/index.html]
[www.makeproductions.com/portfolio/sextortion-suicide/index.html]
[www.makeproductions.com/wp-content/uploads/2014/10/9162309484_37e3f8ace2_k-1140x642.jpg]
[www.makeproductions.com/tag/ebola/index.html]
[www.makeproductions.com/portfolio-all/page/4/index.html]
[www.makeproductions.com/tag/ebola-outbreak/index.html]
[www.makeproductions.com/portfolio/murder-in-paradise/index.html]
[www.makeproductions.com/tag/medecins-sans-frontiers/index.html]
[www.makeproductions.com/tag/sierra-leone/index.html]
[www.makeproductions.com/portfolio/children-of-the-cybersex-dens/index.html]
[www.makeproductions.com/wp-content/uploads/2016/03/18th-Thessaloniki-Documentary-Festival.jpg]
[www.makeproductions.com/portfolio/project-symphony/index.html]
[www.makeproductions.com/wp-content/uploads/2016/03/undercover-asia-s3-thumbnail-1140x642.jpg]
[www.makeproductions.com/author/makeproductions/page/2/index.html]
[www.makeproductions.com/portfolio/koreas-broken-families/index.html]
[www.makeproductions.com/wp-json/oembed/1.0/embed005a.json]
[www.makeproductions.com/wp-json/oembed/1.0/embedd36b]
[www.makeproductions.com/makes-first-ever-head-content-development/index.html]
[www.makeproductions.com/portfolio/freedom-or-death/index.html]
[www.makeproductions.com/portfolio/this-is-exile/index.html]
[www.makeproductions.com/wp-json/oembed/1.0/embed1064.json]
[www.makeproductions.com/portfolio/mariko-mori/index.html]
[www.makeproductions.com/makes-exclusive-4-part-series-talwars-behind-closed-doors/index.html]
[www.makeproductions.com/wp-json/oembed/1.0/embed719b]
[www.makeproductions.com/portfolio/isis-terror-in-asia/index.html]
[www.makeproductions.com/portfolio/ebola-diary/index.html]
[www.makeproductions.com/wp-json/oembed/1.0/embedd49c.json]
[www.makeproductions.com/portfolio/cambodias-child-predators/index.html]
[www.makeproductions.com/wp-content/uploads/2015/09/dens1.jpg]
[www.makeproductions.com/wp-content/uploads/2015/09/dens.jpg]
[www.makeproductions.com/wp-content/uploads/2015/09/yellowshirt2.png]
[www.makeproductions.com/wp-json/oembed/1.0/embed0c94]
[www.makeproductions.com/trailer-great-green-wall/index.html]
[www.makeproductions.com/tag/ebola/feed/index.html]
[www.makeproductions.com/wp-content/uploads/2017/08/GGW1.png]
[www.makeproductions.com/sierra-leone-report-iv/index.html]
[www.makeproductions.com/wp-json/oembed/1.0/embeda330.json]
[www.makeproductions.com/wp-json/oembed/1.0/embed2248]
[www.makeproductions.com/great-green-wall-bbc-newsnight/index.html]
[www.makeproductions.com/sierra-leone-report-ii/index.html]
[www.makeproductions.com/wp-content/uploads/2016/02/2016_finalist_header-tvf.png]
[www.makeproductions.com/tag/ebola-outbreak/feed/index.html]
[www.makeproductions.com/wp-content/uploads/2016/01/panda-baby-1140x642.png]
[www.makeproductions.com/wp-content/uploads/2016/01/InsideTheStorm-Title01-1140x642.jpg]
[www.makeproductions.com/wp-content/uploads/2015/11/logo.png]
[www.makeproductions.com/wp-content/uploads/2015/11/Myanmar-Elections-Production-Stills-EP-1-6-1140x642.jpg]
[www.makeproductions.com/wp-content/uploads/2015/10/This-is-exile-1140x642.jpg]
[www.makeproductions.com/tag/medecins-sans-frontiers/feed/index.html]
[www.makeproductions.com/wp-content/uploads/2015/10/jason7-1140x642.jpg]
[www.makeproductions.com/wp-content/uploads/2014/10/maxresdefault-1140x642.jpg]
[www.makeproductions.com/wp-content/uploads/2014/10/5815109857_3444be463a_o-1140x642.jpg]
[www.makeproductions.com/author/makeproductions/page/3/index.html]
[www.makeproductions.com/tag/sierra-leone/feed/index.html]
[www.makeproductions.com/author/makeproductions/page/4/index.html]
[www.makeproductions.com/category/news/page/2/index.html]
[www.makeproductions.com/category/news/page/3/index.html]
[www.makeproductions.com/category/uncategorized/index.html]
[www.makeproductions.com/amnesty-international-award-for-this-is-exile/index.html]
[www.makeproductions.com/category/news/page/4/index.html]
[www.makeproductions.com/makes-first-ever-head-content-development/feed/index.html]
[www.makeproductions.com/index3764.html]
[www.makeproductions.com/index33a9.html]
[www.makeproductions.com/new-undercover-asia-series/index.html]
[www.makeproductions.com/index7b84.html]
[www.makeproductions.com/makes-exclusive-4-part-series-talwars-behind-closed-doors/feed/index.html]
[www.makeproductions.com/indexacdf.html]
[www.makeproductions.com/trailer-great-green-wall/feed/index.html]
[www.makeproductions.com/index34aa.html]
[www.makeproductions.com/great-green-wall-bbc-newsnight/feed/index.html]
[www.makeproductions.com/wp-content/uploads/2018/01/winnerstvf.png]
[www.makeproductions.com/panda-babies-for-itv-uk/index.html]
[www.makeproductions.com/new-york-festivals-2016-nominations/index.html]
[www.makeproductions.com/wp-json/oembed/1.0/embed4aa1.json]
[www.makeproductions.com/new-inside-the-storm-lessons-from-the-boardroom/index.html]
[www.makeproductions.com/6-nominations-at-the-2015-asian-television-awards/index.html]
[www.makeproductions.com/new-makes-3-part-series-on-myanmars-road-to-democracy/index.html]
[www.makeproductions.com/makes-wins-new-york-festivals-2017/index.html]
[www.makeproductions.com/wp-json/oembed/1.0/embed031e]
[www.makeproductions.com/wp-content/uploads/2017/03/High-school-boys-hanging-out-after-school-while-smoking-Credit-Taufiq-Jaafar.jpg]
[www.makeproductions.com/project-symphony/index.html]
[www.makeproductions.com/this-is-exile-diaries-of-child-refugees-screening-at-bbc-arabic-festival/index.html]
[www.makeproductions.com/wp-json/oembed/1.0/embedd8fa.json]
[www.makeproductions.com/silent-screams-behind-closed-doors/index.html]
[www.makeproductions.com/wp-json/oembed/1.0/embed8a3c]
[www.makeproductions.com/101-east-jakarta-school-brawl/index.html]
[www.makeproductions.com/sierra-leone-report-iii/index.html]
[www.makeproductions.com/latest-news/page/1/index.html]
[www.makeproductions.com/latest-news/page/4/index.html]
[www.makeproductions.com/makes-wins-new-york-festivals-2017/feed/index.html]
[www.makeproductions.com/101-east-jakarta-school-brawl/feed/index.html]
[www.makeproductions.com/wp-json/oembed/1.0/embed9e41.json]
[www.makeproductions.com/new-york-festivals-2017-nominations/index.html]
[www.makeproductions.com/wp-json/oembed/1.0/embedffd7]
[www.makeproductions.com/new-york-festivals-2017-nominations/feed/index.html]
[www.makeproductions.com/wp-json/oembed/1.0/embedcd9f.json]
[www.makeproductions.com/back-utopia/index.html]
[www.makeproductions.com/wp-json/oembed/1.0/embed0757]
[www.makeproductions.com/back-utopia/feed/index.html]
[www.makeproductions.com/wp-json/oembed/1.0/embede6a8.json]
[www.makeproductions.com/north-korean-slaves-cna-channel4uk/index.html]
[www.makeproductions.com/north-korean-slaves-cna-channel4uk/feed/index.html]
[www.makeproductions.com/wp-json/oembed/1.0/embed44b2]
[www.makeproductions.com/murder-in-paradise-channel-newsasia-channel-4-uk/feed/index.html]
[www.makeproductions.com/wp-json/oembed/1.0/embed3b45.json]
[www.makeproductions.com/murder-in-paradise-channel-newsasia-channel-4-uk/index.html]
[www.makeproductions.com/wp-content/uploads/2016/04/CYBERSEX_IMAGE_004.jpg]
[www.makeproductions.com/wp-json/oembed/1.0/embed432d]
[www.makeproductions.com/wp-json/oembed/1.0/embed8db4.json]
[www.makeproductions.com/undercover-asia-children-of-the-cybersex-dens/feed/index.html]
[www.makeproductions.com/undercover-asia-children-of-the-cybersex-dens/index.html]
[www.makeproductions.com/wp-json/oembed/1.0/embeda1f6]
[www.makeproductions.com/make-gets-gold-at-worldmediafestival/feed/index.html]
[www.makeproductions.com/wp-json/oembed/1.0/embed2d9c.json]
[www.makeproductions.com/make-gets-gold-at-worldmediafestival/index.html]
[www.makeproductions.com/latest-news/page/5/index.html]
[www.makeproductions.com/wp-json/oembed/1.0/embedc4f3]
[www.makeproductions.com/wp-content/uploads/2014/10/7003917056_2c755357a6_o.jpg]
[www.makeproductions.com/wp-json/oembed/1.0/embed95a6.json]
[www.makeproductions.com/wp-json/oembed/1.0/embedc73f]
[www.makeproductions.com/director-jeremy-bristows-second-report-from-sierra-leone-where-he-is-filming-the-ebola-outbreak-on-behalf-of-make-productions/index.html]
[www.makeproductions.com/director-jeremy-bristows-second-report-from-sierra-leone-where-he-is-filming-the-ebola-outbreak-on-behalf-of-make-productions/feed/index.html]
[www.makeproductions.com/index76d8.html]
[www.makeproductions.com/indexd3da.html]
[www.makeproductions.com/wp-content/uploads/2016/09/dispatches.jpg]
[www.makeproductions.com/wp-json/oembed/1.0/embed947b.json]
[www.makeproductions.com/wp-json/oembed/1.0/embed7801]
[www.makeproductions.com/portfolio/dispatches-brexit-who/index.html]
[www.makeproductions.com/wp-content/uploads/2018/01/ucith.png]
[www.makeproductions.com/wp-json/oembed/1.0/embedbeb3.json]
[www.makeproductions.com/wp-json/oembed/1.0/embedfabe]
[www.makeproductions.com/portfolio/undercover-asia-name-honour/index.html]
[www.makeproductions.com/index59b6.html]
[www.makeproductions.com/index4d6a.html]
[www.makeproductions.com/wp-json/oembed/1.0/embed7916.json]
[www.makeproductions.com/wp-json/oembed/1.0/embed6294]
[www.makeproductions.com/portfolio/the-man-in-the-yellow-shirt/index.html]
[www.makeproductions.com/indexed41.html]
[www.makeproductions.com/wp-json/oembed/1.0/embed340b.json]
[www.makeproductions.com/wp-json/oembed/1.0/embed3ee8]
[www.makeproductions.com/portfolio/myanmar-road-to-democracy/index.html]
[www.makeproductions.com/wp-content/uploads/2016/01/inside-the-storm.png]
[www.makeproductions.com/portfolio/inside-the-storm-lessons-from-the-boardroom/index.html]
[www.makeproductions.com/index7caf.html]
[www.makeproductions.com/wp-json/oembed/1.0/embed7ec4.json]
[www.makeproductions.com/wp-json/oembed/1.0/embed97c4]
[www.makeproductions.com/wp-json/oembed/1.0/embed3c0b.json]
[www.makeproductions.com/portfolio/north-korean-slaves/index.html]
[www.makeproductions.com/wp-json/oembed/1.0/embeddd81]
[www.makeproductions.com/wp-json/oembed/1.0/embed965f.json]
[www.makeproductions.com/portfolio/sextortion-suicide/index.html]
[www.makeproductions.com/portfolio-all/page/1/index.html]
[www.makeproductions.com/wp-json/oembed/1.0/embed8d05]
[www.makeproductions.com/wp-content/uploads/2015/03/CancerSel-650x418.jpg]
[www.makeproductions.com/wp-content/uploads/2015/08/Serial-Swindlers2-650x418.jpg]
[www.makeproductions.com/wp-content/uploads/2015/03/Mishal-Husain-650x418.jpg]
[www.makeproductions.com/portfolio/cancer-sell/index.html]
[www.makeproductions.com/portfolio/serial-swindlers/index.html]
[www.makeproductions.com/wp-content/uploads/2015/03/Asian-Swindlers-650x418.jpg]
[www.makeproductions.com/portfolio/asian-swindlers/index.html]
[www.makeproductions.com/portfolio/mishal-husain-meets/index.html]
[www.makeproductions.com/wp-content/uploads/2015/03/Subodh-650x418.jpg]
[www.makeproductions.com/wp-content/uploads/2015/03/Mariko-Mori-650x418.jpg]
[www.makeproductions.com/portfolio/subodh-vignette/index.html]
[www.makeproductions.com/wp-content/uploads/2015/03/DayEarthShook-650x418.jpg]
[www.makeproductions.com/portfolio/mariko-mori-2/index.html]
[www.makeproductions.com/wp-content/uploads/2015/03/BarginBrides-650x418.jpg]
[www.makeproductions.com/portfolio-all/page/4/index.html]
[www.makeproductions.com/portfolio/the-day-the-earth-shook/index.html]
[www.makeproductions.com/portfolio/bargin-brides/index.html]
[www.makeproductions.com/wp-json/oembed/1.0/embed28af.json]
[www.makeproductions.com/portfolio/murder-in-paradise/index.html]
[www.makeproductions.com/wp-json/oembed/1.0/embedf1e2]
[www.makeproductions.com/wp-json/oembed/1.0/embeda5e1.json]
[www.makeproductions.com/portfolio/children-of-the-cybersex-dens/index.html]
[www.makeproductions.com/wp-json/oembed/1.0/embedbbba]
[www.makeproductions.com/wp-content/uploads/2016/09/project-symphony.jpg]
[www.makeproductions.com/wp-json/oembed/1.0/embed6b59.json]
[www.makeproductions.com/portfolio/project-symphony/index.html]
[www.makeproductions.com/wp-json/oembed/1.0/embedc492]
[www.makeproductions.com/wp-content/uploads/2015/03/KoreasBroken.jpg]
[www.makeproductions.com/wp-json/oembed/1.0/embed1f90.json]
[www.makeproductions.com/portfolio/koreas-broken-families/index.html]
[www.makeproductions.com/wp-content/uploads/2015/03/Make_Vimeo_Cover_Images_Final2.jpg]
[www.makeproductions.com/wp-json/oembed/1.0/embed314d]
[www.makeproductions.com/wp-json/oembed/1.0/embedd346.json]
[www.makeproductions.com/portfolio/freedom-or-death/index.html]
[www.makeproductions.com/wp-json/oembed/1.0/embedad36]
[www.makeproductions.com/portfolio/the-sinking-of-the-sewol/index.html]
[www.makeproductions.com/wp-content/uploads/2015/03/ThisIsExile.jpg]
[www.makeproductions.com/wp-json/oembed/1.0/embed3679.json]
[www.makeproductions.com/wp-json/oembed/1.0/embed139a]
[www.makeproductions.com/wp-content/uploads/2015/03/Briliant-Ideas-458x247.jpg]
[www.makeproductions.com/wp-content/uploads/2015/03/ISIS-458x247.jpg]
[www.makeproductions.com/wp-content/uploads/2015/03/Ebola-458x247.jpg]
[www.makeproductions.com/portfolio/this-is-exile/index.html]
[www.makeproductions.com/wp-content/uploads/2015/03/Cambodia-The-Dark-Side-458x247.jpg]
[www.makeproductions.com/wp-content/uploads/2015/03/Briliant-Ideas.jpg]
[www.makeproductions.com/wp-json/oembed/1.0/embeddec1.json]
[www.makeproductions.com/portfolio/mariko-mori/index.html]
[www.makeproductions.com/wp-content/uploads/2015/03/ThisIsExile-458x247.jpg]
[www.makeproductions.com/wp-json/oembed/1.0/embed7016]
[www.makeproductions.com/wp-content/uploads/2015/03/ISIS.jpg]
[www.makeproductions.com/wp-json/oembed/1.0/embed0893.json]
[www.makeproductions.com/portfolio/isis-terror-in-asia/index.html]
[www.makeproductions.com/wp-content/uploads/2015/03/Ebola.jpg]
[www.makeproductions.com/wp-json/oembed/1.0/embedf734]
[www.makeproductions.com/wp-json/oembed/1.0/embedb97e.json]
[www.makeproductions.com/portfolio/ebola-diary/index.html]
[www.makeproductions.com/wp-json/oembed/1.0/embed90d0]
[www.makeproductions.com/wp-content/uploads/2015/03/Cambodia-The-Dark-Side.jpg]
[www.makeproductions.com/wp-json/oembed/1.0/embed67b8.json]
[www.makeproductions.com/portfolio/cambodias-child-predators/index.html]
[www.makeproductions.com/wp-json/oembed/1.0/embed4512]
[www.makeproductions.com/wp-admin/images/loading.gif]
[www.makeproductions.com/wp-includes/fonts/dashicons.eot]
[www.makeproductions.com/wp-admin/images/w-logo-blue7a53.png]
[www.makeproductions.com/wp-admin/load-stylesda4e.css]
[www.makeproductions.com/wp-loginc2b6.html]
[www.makeproductions.com/wp-admin/images/wordpress-logo7d6b.svg]
[www.makeproductions.com/wp-content/uploads/2014/10/13717624625_c584569b9b_k.jpg]
[www.makeproductions.com/wp-json/oembed/1.0/embeda306.json]
[www.makeproductions.com/sierra-leone-report-iv/index.html]
[www.makeproductions.com/wp-json/oembed/1.0/embed4c04]
[www.makeproductions.com/wp-content/uploads/2014/10/9162309484_37e3f8ace2_k.jpg]
[www.makeproductions.com/wp-json/oembed/1.0/embedfe0a.json]
[www.makeproductions.com/sierra-leone-report-ii/index.html]
[www.makeproductions.com/wp-json/oembed/1.0/embed23b7]
[www.makeproductions.com/wp-json/oembed/1.0/embed822e.json]
[www.makeproductions.com/amnesty-international-award-for-this-is-exile/index.html]
[www.makeproductions.com/wp-json/oembed/1.0/embed08ed]
[www.makeproductions.com/category/uncategorized/index.html]
[www.makeproductions.com/amnesty-international-award-for-this-is-exile/feed/index.html]
[www.makeproductions.com/wp-content/uploads/2016/03/undercover-asia-s3-thumbnail.jpg]
[www.makeproductions.com/category/uncategorized/feed/index.html]
[www.makeproductions.com/wp-json/oembed/1.0/embedfb84.json]
[www.makeproductions.com/wp-json/oembed/1.0/embeda667]
[www.makeproductions.com/new-undercover-asia-series/index.html]
[www.makeproductions.com/new-undercover-asia-series/feed/index.html]
[www.makeproductions.com/author/makeproductions/page/1/index.html]
[www.makeproductions.com/index6784.html]
[www.makeproductions.com/index3179.html]
[www.makeproductions.com/index888c.html]
[www.makeproductions.com/index4f3e.html]
[www.makeproductions.com/wp-json/oembed/1.0/embedca74.json]
[www.makeproductions.com/wp-json/oembed/1.0/embed1d30]
[www.makeproductions.com/new-york-festivals-2016-nominations/index.html]
[www.makeproductions.com/new-york-festivals-2016-nominations/feed/index.html]
[www.makeproductions.com/wp-content/uploads/2016/01/panda-baby.png]
[www.makeproductions.com/wp-json/oembed/1.0/embed2bcd.json]
[www.makeproductions.com/wp-json/oembed/1.0/embed623a]
[www.makeproductions.com/panda-babies-for-itv-uk/index.html]
[www.makeproductions.com/wp-json/oembed/1.0/embedd1f9.json]
[www.makeproductions.com/panda-babies-for-itv-uk/feed/index.html]
[www.makeproductions.com/new-inside-the-storm-lessons-from-the-boardroom/index.html]
[www.makeproductions.com/new-inside-the-storm-lessons-from-the-boardroom/feed/index.html]
[www.makeproductions.com/wp-json/oembed/1.0/embeda5b0]
[www.makeproductions.com/wp-json/oembed/1.0/embed3e39.json]
[www.makeproductions.com/6-nominations-at-the-2015-asian-television-awards/feed/index.html]
[www.makeproductions.com/6-nominations-at-the-2015-asian-television-awards/index.html]
[www.makeproductions.com/wp-json/oembed/1.0/embed9d9f]
[www.makeproductions.com/wp-content/uploads/2015/11/Myanmar-Elections-Production-Stills-EP-1-6.jpg]
[www.makeproductions.com/wp-json/oembed/1.0/embed65ac.json]
[www.makeproductions.com/6-nominations-at-the-2015-asian-television-awards/index0e22.html]
[www.makeproductions.com/new-makes-3-part-series-on-myanmars-road-to-democracy/feed/index.html]
[www.makeproductions.com/wp-json/oembed/1.0/embedd4b4]
[www.makeproductions.com/new-makes-3-part-series-on-myanmars-road-to-democracy/index.html]
[www.makeproductions.com/wp-content/uploads/2015/10/This-is-exile.jpg]
[www.makeproductions.com/wp-json/oembed/1.0/embed6feb.json]
[www.makeproductions.com/wp-json/oembed/1.0/embed3708]
[www.makeproductions.com/this-is-exile-diaries-of-child-refugees-screening-at-bbc-arabic-festival/index.html]
[www.makeproductions.com/this-is-exile-diaries-of-child-refugees-screening-at-bbc-arabic-festival/feed/index.html]
[www.makeproductions.com/wp-content/uploads/2015/10/jason7.jpg]
[www.makeproductions.com/wp-json/oembed/1.0/embedf1cd.json]
[www.makeproductions.com/wp-json/oembed/1.0/embeddf05]
[www.makeproductions.com/project-symphony/index.html]
[www.makeproductions.com/wp-content/uploads/2014/10/maxresdefault.jpg]
[www.makeproductions.com/wp-json/oembed/1.0/embed4def.json]
[www.makeproductions.com/wp-json/oembed/1.0/embed5df9]
[www.makeproductions.com/silent-screams-behind-closed-doors/index.html]
[www.makeproductions.com/project-symphony/feed/index.html]
[www.makeproductions.com/wp-content/uploads/2014/10/5815109857_3444be463a_o.jpg]
[www.makeproductions.com/wp-json/oembed/1.0/embed9add.json]
[www.makeproductions.com/sierra-leone-report-iii/index.html]
[www.makeproductions.com/wp-json/oembed/1.0/embede5c0]
[www.makeproductions.com/category/news/page/1/index.html]
[www.makeproductions.com/index2e1a.html]
[www.makeproductions.com/wp-content/uploads/2017/03/High-school-boys-hanging-out-after-school-while-smoking-Credit-Taufiq-Jaafar.jpg]
[www.makeproductions.com/index823e.html]
[www.makeproductions.com/index258b.html]
[www.makeproductions.com/indexebb3.html]
[www.makeproductions.com/indexc4f9.html]
[www.makeproductions.com/indexc07b.html]
[www.makeproductions.com/wp-content/uploads/2016/04/CYBERSEX_IMAGE_004.jpg]
[www.makeproductions.com/indexaa3b.html]
[www.makeproductions.com/indexd10e.html]
[www.makeproductions.com/indexc974.html]
[www.makeproductions.com/index9a4b.html]
[www.makeproductions.com/wp-content/uploads/2018/01/ucith.png]
[www.makeproductions.com/indexd0c0.html]
[www.makeproductions.com/index8608.html]
[www.makeproductions.com/indexa667.html]
[www.makeproductions.com/wp-content/uploads/2016/01/inside-the-storm.png]
[www.makeproductions.com/index1f1e.html]
[www.makeproductions.com/indexfbcf.html]
[www.makeproductions.com/index2848.html]
[www.makeproductions.com/wp-content/uploads/2015/03/CancerSel.jpg]
[www.makeproductions.com/wp-json/oembed/1.0/embed83ce.json]
[www.makeproductions.com/portfolio/cancer-sell/index.html]
[www.makeproductions.com/wp-json/oembed/1.0/embed41a7]
[www.makeproductions.com/wp-content/uploads/2015/08/Serial-Swindlers2.jpg]
[www.makeproductions.com/wp-json/oembed/1.0/embed9841.json]
[www.makeproductions.com/portfolio/serial-swindlers/index.html]
[www.makeproductions.com/wp-json/oembed/1.0/embed9aac]
[www.makeproductions.com/wp-content/uploads/2015/03/Mishal-Husain.jpg]
[www.makeproductions.com/wp-json/oembed/1.0/embed240f.json]
[www.makeproductions.com/portfolio/mishal-husain-meets/index.html]
[www.makeproductions.com/wp-content/uploads/2015/03/Asian-Swindlers.jpg]
[www.makeproductions.com/wp-json/oembed/1.0/embedb5b8]
[www.makeproductions.com/wp-json/oembed/1.0/embeda9c4.json]
[www.makeproductions.com/wp-json/oembed/1.0/embedbe69]
[www.makeproductions.com/portfolio/asian-swindlers/index.html]
[www.makeproductions.com/wp-content/uploads/2015/03/Subodh.jpg]
[www.makeproductions.com/wp-json/oembed/1.0/embed061e.json]
[www.makeproductions.com/portfolio/subodh-vignette/index.html]
[www.makeproductions.com/wp-content/uploads/2015/03/Mariko-Mori.jpg]
[www.makeproductions.com/wp-json/oembed/1.0/embedfb89]
[www.makeproductions.com/wp-json/oembed/1.0/embedfc8e.json]
[www.makeproductions.com/portfolio/mariko-mori-2/index.html]
[www.makeproductions.com/wp-json/oembed/1.0/embed68b3]
[www.makeproductions.com/wp-content/uploads/2015/03/DayEarthShook.jpg]
[www.makeproductions.com/wp-json/oembed/1.0/embed503f.json]
[www.makeproductions.com/portfolio/the-day-the-earth-shook/index.html]
[www.makeproductions.com/wp-json/oembed/1.0/embed9cce]
[www.makeproductions.com/wp-content/uploads/2015/03/BarginBrides.jpg]
[www.makeproductions.com/wp-json/oembed/1.0/embedc93d.json]
[www.makeproductions.com/wp-json/oembed/1.0/embed3291]
[www.makeproductions.com/portfolio/bargin-brides/index.html]
[www.makeproductions.com/index3f10.html]
[www.makeproductions.com/index6acd.html]
[www.makeproductions.com/index052c.html]
[www.makeproductions.com/indexf631.html]
[www.makeproductions.com/index5dc8.html]
[www.makeproductions.com/wp-json/oembed/1.0/embed0f4c.json]
[www.makeproductions.com/portfolio/the-sinking-of-the-sewol/index.html]
[www.makeproductions.com/index1313.html]
[www.makeproductions.com/indexc94e.html]
[www.makeproductions.com/index1142.html]
[www.makeproductions.com/index8fda.html]
[www.makeproductions.com/indexcd38.html]
[www.makeproductions.com/wp-admin/images/wordpress-logo7d6b.svg]
[www.makeproductions.com/wp-json/oembed/1.0/embedbd34]
[www.makeproductions.com/index63d9.html]
[www.makeproductions.com/wp-content/uploads/2014/10/13717624625_c584569b9b_k.jpg]
[www.makeproductions.com/wp-content/uploads/2014/10/9162309484_37e3f8ace2_k.jpg]
[www.makeproductions.com/indexfc19.html]
[www.makeproductions.com/indexbec3.html]
[www.makeproductions.com/indexb6f3.html]
[www.makeproductions.com/index7ebe.html]
[www.makeproductions.com/index33f1.html]
[www.makeproductions.com/indexed0a.html]
[www.makeproductions.com/index3fae.html]
[www.makeproductions.com/6-nominations-at-the-2015-asian-television-awards/index0e22.html]
[www.makeproductions.com/index00d1.html]
[www.makeproductions.com/indexa1be.html]
[www.makeproductions.com/index077d.html]
[www.makeproductions.com/indexb7a3.html]
[www.makeproductions.com/wp-content/uploads/2014/10/5815109857_3444be463a_o.jpg]
[www.makeproductions.com/indexc74f.html]
[www.makeproductions.com/wp-content/uploads/2017/03/High-school-boys-hanging-out-after-school-while-smoking-Credit-Taufiq-Jaafar.jpg]
[www.makeproductions.com/wp-content/uploads/2018/01/ucith.png]
[www.makeproductions.com/wp-content/uploads/2016/01/inside-the-storm.png]
[www.makeproductions.com/index56f2.html]
[www.makeproductions.com/index0c6c.html]
[www.makeproductions.com/index275d.html]
[www.makeproductions.com/indexb51d.html]
[www.makeproductions.com/indexac46.html]
[www.makeproductions.com/index17f8.html]
[www.makeproductions.com/index290c.html]
[www.makeproductions.com/index08a9.html]
[www.makeproductions.com/indexa89b.html]
[www.makeproductions.com/wp-content/uploads/2014/10/5815109857_3444be463a_o.jpg]
